[roomguide.kr/index.html]
[backblue.gif]
[fade.gif]
[index.html]
[roomguide.kr/wp-json/oembed/1.0/embedc739.json]
[roomguide.kr/feed/index.html]
[roomguide.kr/comments/feed/index.html]
[roomguide.kr/wp-json/oembed/1.0/embedbdd8]
[roomguide.kr/wp-includes/css/dashicons.mine37e.css]
[roomguide.kr/wp-content/themes/bricks/assets/css/frontend-layer.min70be.css]
[roomguide.kr/wp-content/uploads/gn-1920-bg-3.jpg]
[roomguide.kr/wp-content/themes/bricks/assets/css/libs/ionicons-layer.min70be.css]
[roomguide.kr/wp-content/plugins/core-framework/assets/public/css/core_framework6e92.css]
[roomguide.kr/wp-content/uploads/fancy-animations/cache/allb66e.css]
[roomguide.kr/wp-content/cache/min/1/wp-content/plugins/bricks-advanced-themer/assets/js/darkmode-local-storage24ef.js]
[roomguide.kr/wp-json/wp/v2/pages/18.json]
[roomguide.kr/wp-json/index.html]
[roomguide.kr/wp-content/uploads/wpcodebox/1c8c0.css]
[roomguide.kr/wp-content/cache/min/1/analytics24ef.js]
[roomguide.kr/wp-content/uploads/cropped-gn-roomguide-32x32.png]
[roomguide.kr/wp-content/uploads/cropped-gn-roomguide-192x192.png]
[roomguide.kr/wp-content/uploads/cropped-gn-roomguide-180x180.png]
[roomguide.kr/wp-content/themes/bricks/assets/css/libs/splide-layer.min70be.css]
[roomguide.kr/wp-content/plugins/wp-grid-builder/public/css/facetsd63f.css]
[roomguide.kr/wp-content/plugins/wp-grid-builder-map-facet/assets/css/mapb95e.css]
[roomguide.kr/wp-content/uploads/gn-1920-4-1024x769.jpg]
[roomguide.kr/강남/셔츠룸/index.html]
[roomguide.kr/강남/하이퍼블릭/index.html]
[roomguide.kr/wp-content/uploads/강남-하이퍼블릭-이미지-91.jpg]
[roomguide.kr/강남/레깅스룸/index.html]
[roomguide.kr/강남/쩜오/index.html]
[roomguide.kr/wp-content/uploads/강남-하이퍼블릭-이미지-91.jpg 639w, https_/roomguide.kr/wp-content/uploads/강남-하이퍼블릭-이미지-91-213x300.jpg 213w]
[roomguide.kr/강남/가라오케/index.html]
[roomguide.kr/강남/호스트바/index.html]
[roomguide.kr/wp-content/uploads/강남115.jpg]
[roomguide.kr/강남/클럽/index.html]
[roomguide.kr/wp-content/uploads/강남115.jpg 1050w, https_/roomguide.kr/wp-content/uploads/강남115-225x300.jpg 225w, https_/roomguide.kr/wp-content/uploads/강남115-768x1024.jpg 768w]
[roomguide.kr/wp-content/uploads/강남-하이퍼블릭-이미지-42.jpg]
[roomguide.kr/wp-content/uploads/강남-하이퍼블릭-이미지-40.jpg]
[roomguide.kr/wp-content/uploads/gn831.jpg]
[roomguide.kr/wp-content/uploads/gn831.jpg 1080w, https_/roomguide.kr/wp-content/uploads/gn831-225x300.jpg 225w, https_/roomguide.kr/wp-content/uploads/gn831-768x1024.jpg 768w]
[roomguide.kr/wp-content/uploads/강남-하이퍼블릭-이미지-62.jpg]
[roomguide.kr/wp-content/uploads/강남-하이퍼블릭-이미지-62.jpg 640w, https_/roomguide.kr/wp-content/uploads/강남-하이퍼블릭-이미지-62-240x300.jpg 240w]
[roomguide.kr/wp-content/uploads/강남-하이퍼블릭-이미지-86.jpg]
[roomguide.kr/wp-content/uploads/강남-하이퍼블릭-이미지-1.png]
[roomguide.kr/wp-content/uploads/강남-하이퍼블릭-이미지-79.jpg]
[roomguide.kr/wp-content/uploads/gn-1920-bg-1.jpg]
[roomguide.kr/wp-content/uploads/gn-1920-bg-1.jpg 639w, https_/roomguide.kr/wp-content/uploads/gn-1920-bg-1-213x300.jpg 213w]
[roomguide.kr/gn/shirtroom/index.html]
[roomguide.kr/gn/highpublic/index.html]
[roomguide.kr/wp-content/uploads/pexels-ywanphoto-3089663-1024x683.jpg]
[roomguide.kr/gn/dot5/index.html]
[roomguide.kr/gn/leggings/index.html]
[roomguide.kr/wp-content/uploads/건배.jpg]
[roomguide.kr/gn/hostbar/index.html]
[roomguide.kr/gn/karaoke/index.html]
[roomguide.kr/wp-content/uploads/건배.jpg 600w, https_/roomguide.kr/wp-content/uploads/건배-300x200.jpg 300w]
[roomguide.kr/gninfo/resort/index.html]
[roomguide.kr/gninfo/엘리트/index.html]
[roomguide.kr/wp-content/uploads/gn-1920-bg-2-1024x538.jpg]
[roomguide.kr/gninfo/trend/index.html]
[roomguide.kr/wp-content/uploads/강남115-768x1024.jpg]
[roomguide.kr/gninfo/bts/index.html]
[roomguide.kr/wp-content/uploads/강남115-768x1024.jpg 768w, https_/roomguide.kr/wp-content/uploads/강남115-225x300.jpg 225w, https_/roomguide.kr/wp-content/uploads/강남115.jpg 1050w]
[roomguide.kr/gninfo/115-2/index.html]
[roomguide.kr/wp-content/uploads/gn-dalto.jpg]
[roomguide.kr/gninfo/running-rabbit-2/index.html]
[roomguide.kr/wp-content/uploads/gn-dalto.jpg 1024w, https_/roomguide.kr/wp-content/uploads/gn-dalto-300x225.jpg 300w, https_/roomguide.kr/wp-content/uploads/gn-dalto-768x576.jpg 768w]
[roomguide.kr/wp-content/uploads/gn-1920-6.jpg]
[roomguide.kr/gninfo/forest/index.html]
[roomguide.kr/wp-content/uploads/gn-1920-6.jpg 960w, https_/roomguide.kr/wp-content/uploads/gn-1920-6-300x169.jpg 300w, https_/roomguide.kr/wp-content/uploads/gn-1920-6-768x433.jpg 768w]
[roomguide.kr/wp-content/uploads/pexels-thoda-creative-2082364-38685581-1024x1024.jpg]
[roomguide.kr/wp-content/uploads/강남-하이퍼블릭-이미지-74-1024x576.jpg]
[roomguide.kr/gninfo/kingsman/index.html]
[roomguide.kr/wp-content/uploads/gn-1920-3.jpg]
[roomguide.kr/gninfo/theglory/index.html]
[roomguide.kr/wp-content/uploads/gn-1920-3.jpg 960w, https_/roomguide.kr/wp-content/uploads/gn-1920-3-300x169.jpg 300w, https_/roomguide.kr/wp-content/uploads/gn-1920-3-768x433.jpg 768w]
[roomguide.kr/wp-content/uploads/강남-하이퍼블릭-이미지-36-1024x577.jpg]
[roomguide.kr/gninfo/mullygun/index.html]
[roomguide.kr/wp-content/uploads/강남-하이퍼블릭-이미지-37-1024x769.jpg]
[roomguide.kr/gninfo/alphabet/index.html]
[roomguide.kr/wp-content/uploads/하이쩜오-31.jpg]
[roomguide.kr/gninfo/someday/index.html]
[roomguide.kr/gninfo/blending/index.html]
[roomguide.kr/wp-content/uploads/하이쩜오-31.jpg 600w, https_/roomguide.kr/wp-content/uploads/하이쩜오-31-300x300.jpg 300w, https_/roomguide.kr/wp-content/uploads/하이쩜오-31-150x150.jpg 150w]
[roomguide.kr/gninfo/unique/index.html]
[roomguide.kr/wp-content/uploads/pexels-freestockpro-3036525-1024x683.jpg]
[roomguide.kr/wp-content/uploads/glass-8487405_1280-1024x1024.jpg]
[roomguide.kr/gninfo/stay/index.html]
[roomguide.kr/wp-content/uploads/하이쩜오-14.jpg]
[roomguide.kr/gninfo/f1/index.html]
[roomguide.kr/wp-content/uploads/하이쩜오-14.jpg 544w, https_/roomguide.kr/wp-content/uploads/하이쩜오-14-251x300.jpg 251w]
[roomguide.kr/gninfo/impact/index.html]
[roomguide.kr/wp-content/uploads/강남-하이퍼블릭-이미지-40-1024x1024.jpg]
[roomguide.kr/wp-content/uploads/pexels-isabella-mendes-107313-332688-1024x678.jpg]
[roomguide.kr/gninfo/rising/index.html]
[roomguide.kr/wp-content/uploads/pexels-wolfgang-1002140-2747446-1024x684.jpg]
[roomguide.kr/category/hipublic/index.html]
[roomguide.kr/gninfo/intro/index.html]
[roomguide.kr/wp-content/uploads/ai-generated-8704008_1920-1024x574.jpg]
[roomguide.kr/gninfo/race/index.html]
[roomguide.kr/wp-content/uploads/ai-generated-8225267_1280-1024x1024.jpg]
[roomguide.kr/category/club/index.html]
[roomguide.kr/wp-content/uploads/highkick.jpg]
[roomguide.kr/gninfo/sound/index.html]
[roomguide.kr/gninfo/cnn-2/index.html]
[roomguide.kr/wp-content/uploads/highkick.jpg 986w, https_/roomguide.kr/wp-content/uploads/highkick-300x198.jpg 300w, https_/roomguide.kr/wp-content/uploads/highkick-768x506.jpg 768w]
[roomguide.kr/category/dot5/index.html]
[roomguide.kr/category/shirtroom/index.html]
[roomguide.kr/wp-content/uploads/gn-1920-7-1024x769.jpg]
[roomguide.kr/wp-content/uploads/drink-7933279_1280-1024x682.jpg]
[roomguide.kr/gninfo/again/index.html]
[roomguide.kr/category/hostbar/index.html]
[roomguide.kr/wp-content/themes/bricks/assets/js/bricks.min70be.js]
[roomguide.kr/wp-content/cache/min/1/wp-content/plugins/fancy-animations/build/frontend/scroll24ef.js]
[roomguide.kr/gninfo/flurting/index.html]
[roomguide.kr/wp-content/cache/min/1/wp-content/plugins/fancy-animations/build/frontend/observer24ef.js]
[roomguide.kr/gninfo/highkick/index.html]
[roomguide.kr/wp-content/plugins/bricksextras/components/assets/js/headersearch.min4b68.js]
[roomguide.kr/category/leggings/index.html]
[roomguide.kr/wp-content/themes/bricks/assets/js/libs/splide.mineda1.js]
[roomguide.kr/wp-content/plugins/bricksextras/components/assets/js/backtotop.min4bf4.js]
[roomguide.kr/wp-content/cache/min/1/wp-content/plugins/wp-grid-builder/public/js/facetsf7b4.js]
[roomguide.kr/gninfo/miracle/index.html]
[roomguide.kr/wp-content/cache/min/1/wp-content/plugins/bricksextras/includes/js/wpgb-extrasf7b4.js]
[roomguide.kr/wp-content/cache/min/1/wp-content/plugins/wp-grid-builder/public/js/polyfillsf7b4.js]
[roomguide.kr/wp-content/cache/min/1/wp-content/plugins/wp-grid-builder-map-facet/assets/js/mapf7b4.js]
[roomguide.kr/index.html]
[roomguide.kr/wp-content/cache/min/1/wp-content/plugins/wp-grid-builder-bricks/assets/js/frontendf7b4.js]
[roomguide.kr/gn/index.html]
[roomguide.kr/wp-content/plugins/bricks-advanced-themer/assets/css/bricks-advanced-themer1c86.css]
[roomguide.kr/gninfo/a1/index.html]
[roomguide.kr/wp-includes/fonts/dashicons7d4b.eot]
[roomguide.kr/gn/club/index.html]
[roomguide.kr/wp-includes/fonts/dashicons7d4b.ttf]
[roomguide.kr/wp-includes/css/dashicons.mine37e.css]
[roomguide.kr/wp-content/plugins/post-views-counter/css/frontend.minb493.css]
[roomguide.kr/wp-content/themes/bricks/assets/css/frontend-layer.min70be.css]
[roomguide.kr/wp-content/uploads/noto-sans-kr-v27-latin_korean-300.html]
[roomguide.kr/wp-content/uploads/GmarketSansLight.html]
[roomguide.kr/wp-content/themes/bricks-child/styled397.css]
[roomguide.kr/wp-content/themes/bricks/assets/fonts/ionicons/ionicons.woff]
[roomguide.kr/wp-content/themes/bricks/assets/css/libs/ionicons-layer.min70be.css]
[roomguide.kr/wp-content/plugins/core-framework/assets/public/css/core_framework6e92.css]
[roomguide.kr/wp-content/uploads/fancy-animations/cache/propsb66e.css]
[roomguide.kr/wp-content/uploads/fancy-animations/cache/allb66e.css]
[roomguide.kr/xmlrpc0db0.html]
[roomguide.kr/wp-content/uploads/wpcodebox/1c8c0.css]
[roomguide.kr/wp-content/uploads/wpcodebox/20e02.css]
[roomguide.kr/wp-content/themes/bricks/assets/css/libs/splide-layer.min70be.css]
[roomguide.kr/wp-content/plugins/wp-grid-builder/public/css/facetsd63f.css]
[roomguide.kr/wp-content/plugins/wp-grid-builder-map-facet/assets/css/mapb95e.css]
[roomguide.kr/wp-content/uploads/wpgb/facets/stylese327.css]
[roomguide.kr/wp-content/uploads/gn-roomguide-light.svg]
[roomguide.kr/wp-content/themes/bricks/assets/fonts/ionicons/ionicons.ttf]
[roomguide.kr/wp-json/oembed/1.0/embed50d3.json]
[roomguide.kr/wp-json/oembed/1.0/embeda1c8]
[roomguide.kr/wp-json/wp/v2/pages/5629.json]
[roomguide.kr/wp-content/themes/bricks/assets/css/libs/themify-icons-layer.min70be.css]
[roomguide.kr/wp-content/uploads/강남-하이퍼블릭-이미지-77.jpg]
[roomguide.kr/강남/index.html]
[roomguide.kr/wp-content/uploads/pexels-ywanphoto-3089663-scaled.jpg]
[roomguide.kr/wp-content/uploads/whisky.jpg]
[roomguide.kr/gninfo/alive/index.html]
[roomguide.kr/wp-content/uploads/gn-1920-bg-2.jpg]
[roomguide.kr/wp-content/uploads/gn-1920-10.jpg]
[roomguide.kr/gninfo/youandme/index.html]
[roomguide.kr/wp-content/uploads/gn-1920-10.jpg 960w, https_/roomguide.kr/wp-content/uploads/gn-1920-10-300x225.jpg 300w, https_/roomguide.kr/wp-content/uploads/gn-1920-10-768x577.jpg 768w]
[roomguide.kr/gninfo/dalto/index.html]
[roomguide.kr/wp-content/uploads/gn-1920-1.jpg]
[roomguide.kr/wp-content/uploads/gn-1920-11.jpg]
[roomguide.kr/wp-content/uploads/gn-1920-bg-3-1024x576.jpg]
[roomguide.kr/강남/하이퍼블릭/index.html]
[roomguide.kr/gninfo/relay/index.html]
[roomguide.kr/wp-json/oembed/1.0/embed64bb.json]
[roomguide.kr/wp-json/oembed/1.0/embed0766]
[roomguide.kr/gninfo/mk/index.html]
[roomguide.kr/wp-json/wp/v2/pages/6020.json]
[roomguide.kr/wp-content/uploads/gn-1920-14.jpg]
[roomguide.kr/gninfo/party/index.html]
[roomguide.kr/gninfo/maker/index.html]
[roomguide.kr/gninfo/running-rabbit/index.html]
[roomguide.kr/wp-content/uploads/gn-1920-14.jpg 721w, https_/roomguide.kr/wp-content/uploads/gn-1920-14-225x300.jpg 225w]
[roomguide.kr/wp-content/uploads/gn-1920-5.jpg]
[roomguide.kr/wp-content/uploads/강남-하이퍼블릭-이미지-33.jpg]
[roomguide.kr/gninfo/hollywood/index.html]
[roomguide.kr/wp-content/uploads/강남-하이퍼블릭-이미지-77-1024x683.jpg]
[roomguide.kr/강남/셔츠룸/index.html]
[roomguide.kr/gninfo/play/index.html]
[roomguide.kr/gninfo/dc/index.html]
[roomguide.kr/wp-json/oembed/1.0/embed8f75.json]
[roomguide.kr/wp-json/oembed/1.0/embedf5bf]
[roomguide.kr/wp-json/wp/v2/pages/6023.json]
[roomguide.kr/wp-content/uploads/pexels-rodolfoclix-1615799.jpg]
[roomguide.kr/wp-content/uploads/pexels-rodolfoclix-1615799-1024x683.jpg]
[roomguide.kr/강남/레깅스룸/index.html]
[roomguide.kr/wp-json/oembed/1.0/embeda3c3.json]
[roomguide.kr/wp-json/oembed/1.0/embedfded]
[roomguide.kr/wp-json/wp/v2/pages/6025.json]
[roomguide.kr/wp-content/uploads/pexels-thoda-creative-2082364-38685581.jpg]
[roomguide.kr/wp-content/uploads/강남-하이퍼블릭-이미지-74.jpg]
[roomguide.kr/wp-content/uploads/강남-하이퍼블릭-이미지-36.jpg]
[roomguide.kr/wp-content/uploads/강남-하이퍼블릭-이미지-37.jpg]
[roomguide.kr/wp-content/uploads/glass-8487405_1280.jpg]
[roomguide.kr/wp-content/uploads/fullsalon.jpg]
[roomguide.kr/wp-content/uploads/gn-1920-13.jpg]
[roomguide.kr/wp-content/uploads/gn-1920-13.jpg 960w, https_/roomguide.kr/wp-content/uploads/gn-1920-13-300x225.jpg 300w, https_/roomguide.kr/wp-content/uploads/gn-1920-13-768x577.jpg 768w]
[roomguide.kr/wp-content/uploads/gn-1920-4.jpg]
[roomguide.kr/wp-content/uploads/강남-하이퍼블릭-이미지-49.jpg]
[roomguide.kr/wp-content/uploads/gn-1920-7.jpg]
[roomguide.kr/wp-content/uploads/pexels-cottonbro-4695783.jpg]
[roomguide.kr/gninfo/postbox/index.html]
[roomguide.kr/gninfo/moneyball/index.html]
[roomguide.kr/wp-content/uploads/ai-generated-8630058_1920.jpg]
[roomguide.kr/wp-content/uploads/drink-7933279_1280.jpg]
[roomguide.kr/gninfo/okidoki/index.html]
[roomguide.kr/wp-content/uploads/pexels-freestockpro-3036525.jpg]
[roomguide.kr/wp-content/uploads/강남-하이퍼블릭-이미지-86-1024x683.jpg]
[roomguide.kr/강남/쩜오/index.html]
[roomguide.kr/gninfo/gugudan/index.html]
[roomguide.kr/wp-json/oembed/1.0/embed36e3.json]
[roomguide.kr/gninfo/kk/index.html]
[roomguide.kr/wp-json/oembed/1.0/embed1264]
[roomguide.kr/wp-json/wp/v2/pages/6027.json]
[roomguide.kr/wp-content/uploads/pexels-reneterp-1327430.jpg]
[roomguide.kr/gninfo/831-2/index.html]
[roomguide.kr/wp-content/uploads/ai-generated-8540917_1920.jpg]
[roomguide.kr/wp-content/uploads/강남-하이퍼블릭-이미지-31.jpg]
[roomguide.kr/wp-content/uploads/ai-generated-8925299_1920.jpg]
[roomguide.kr/wp-content/uploads/pexels-reneterp-1327430-1024x683.jpg]
[roomguide.kr/gninfo/perfect/index.html]
[roomguide.kr/강남/가라오케/index.html]
[roomguide.kr/gninfo/party1/index.html]
[roomguide.kr/wp-json/oembed/1.0/embed24cc.json]
[roomguide.kr/wp-json/oembed/1.0/embed4fc2]
[roomguide.kr/gninfo/letsgo/index.html]
[roomguide.kr/wp-json/wp/v2/pages/6030.json]
[roomguide.kr/wp-content/uploads/pexels-timmossholder-383603.jpg]
[roomguide.kr/wp-content/uploads/ai-generated-8704008_1920.jpg]
[roomguide.kr/wp-content/uploads/ai-generated-8225267_1280.jpg]
[roomguide.kr/wp-content/uploads/ai-generated-8463482_640.jpg]
[roomguide.kr/wp-content/uploads/ai-generated-8463482_640.jpg 427w, https_/roomguide.kr/wp-content/uploads/ai-generated-8463482_640-200x300.jpg 200w]
[roomguide.kr/wp-content/uploads/pexels-timmossholder-383603-1024x576.jpg]
[roomguide.kr/강남/호스트바/index.html]
[roomguide.kr/gninfo/cnn/index.html]
[roomguide.kr/wp-json/oembed/1.0/embed7753.json]
[roomguide.kr/wp-json/oembed/1.0/embed8017]
[roomguide.kr/wp-json/wp/v2/pages/6032.json]
[roomguide.kr/wp-content/uploads/pexels-mediocrememories-2240763.jpg]
[roomguide.kr/wp-content/uploads/pexels-isabella-mendes-107313-332688.jpg]
[roomguide.kr/wp-content/uploads/pexels-wolfgang-1002140-2747446.jpg]
[roomguide.kr/wp-content/uploads/pexels-mediocrememories-2240763-1024x683.jpg]
[roomguide.kr/강남/클럽/index.html]
[roomguide.kr/wp-content/uploads/gn-1920-4-1024x769.jpg 1024w, https_/roomguide.kr/wp-content/uploads/gn-1920-4-300x225.jpg 300w, https_/roomguide.kr/wp-content/uploads/gn-1920-4-768x577.jpg 768w, ht/gn-1920-4.1d.delaye]
[roomguide.kr/wp-content/uploads/강남-하이퍼블릭-이미지-91.jpg 639w, https_/roomguide.kr/wp-content/uploads/강남-하이퍼블릭-이미지-91-213x300.html]
[roomguide.kr/wp-content/uploads/강남115.jpg 1050w, https_/roomguide.kr/wp-content/uploads/강남115-225x300.jpg 225w, https_/roomguide.kr/wp-content/uploads/강남115-768x1024.html]
[roomguide.kr/wp-content/uploads/강남-하이퍼블릭-이미지-42.jpg 1280w, https_/roomguide.kr/wp-content/uploads/강남-하이퍼블릭-이미지-42-225x300.jpg 225w, https_/roomguide.kr/wp-content/uploads/강남-하이퍼블릭-이미지-42-768x102/강남-하이퍼블릭-이미지-42-1152x15]
[roomguide.kr/wp-content/uploads/강남-하이퍼블릭-이미지-40.jpg 1280w, https_/roomguide.kr/wp-content/uploads/강남-하이퍼블릭-이미지-40-300x300.jpg 300w, https_/roomguide.kr/wp-content/uploads/강남-하이퍼블릭-이미지-40-1024x10/강남-하이퍼블릭-이미지-40-768x768]
[roomguide.kr/wp-content/uploads/gn831.jpg 1080w, https_/roomguide.kr/wp-content/uploads/gn831-225x300.jpg 225w, https_/roomguide.kr/wp-content/uploads/gn831-768x1024.html]
[roomguide.kr/wp-content/uploads/강남-하이퍼블릭-이미지-62.jpg 640w, https_/roomguide.kr/wp-content/uploads/강남-하이퍼블릭-이미지-62-240x300.html]
[roomguide.kr/wp-content/uploads/강남-하이퍼블릭-이미지-86.jpg 1920w, https_/roomguide.kr/wp-content/uploads/강남-하이퍼블릭-이미지-86-300x200.jpg 300w, https_/roomguide.kr/wp-content/uploads/강남-하이퍼블릭-이미지-86-1024x68/강남-하이퍼블릭-이미지-86-1536x10]
[roomguide.kr/wp-content/uploads/강남-하이퍼블릭-이미지-1.png 1280w, https_/roomguide.kr/wp-content/uploads/강남-하이퍼블릭-이미지-1-261x300.png 261w, https_/roomguide.kr/wp-content/uploads/강남-하이퍼블릭-이미지-1-889x1024.p/강남-하이퍼블릭-이미지-1-768x884]
[roomguide.kr/wp-content/uploads/강남-하이퍼블릭-이미지-79.jpg 1920w, https_/roomguide.kr/wp-content/uploads/강남-하이퍼블릭-이미지-79-300x200.jpg 300w, https_/roomguide.kr/wp-content/uploads/강남-하이퍼블릭-이미지-79-1024x68/강남-하이퍼블릭-이미지-79-1536x10]
[roomguide.kr/gn/highpublic/index.html]
[roomguide.kr/gn/shirtroom/index.html]
[roomguide.kr/gn/leggings/index.html]
[roomguide.kr/gn/dot5/index.html]
[roomguide.kr/gn/karaoke/index.html]
[roomguide.kr/gn/hostbar/index.html]
[roomguide.kr/wp-json/oembed/1.0/embedd063.json]
[roomguide.kr/wp-json/oembed/1.0/embed6f2e]
[roomguide.kr/wp-json/wp/v2/gninfo/6330.json]
[roomguide.kr/wp-content/plugins/bricksextras/components/assets/js/frontend.minf269.js]
[roomguide.kr/gninfo/엘리트/index.html]
[roomguide.kr/wp-content/uploads/gn-1920-bg-1.jpg 639w, https_/roomguide.kr/wp-content/uploads/gn-1920-bg-1-213x300.html]
[roomguide.kr/wp-content/plugins/bricksextras/components/assets/js/tableofcontents.mince14.js]
[roomguide.kr/wp-json/oembed/1.0/embed2d94.json]
[roomguide.kr/wp-json/oembed/1.0/embed17a9]
[roomguide.kr/wp-json/wp/v2/gninfo/5510.json]
[roomguide.kr/gninfo/resort/index.html]
[roomguide.kr/wp-content/uploads/pexels-ywanphoto-3089663-1024x683.jpg 1024w, ht/roomguide.kr/wp-content/uploads/pexels-ywanphoto-3089663-300x200.jpg 300w, http/roomguide.kr/wp-content/uploads/pe/pexels-ywanphoto-308966]
[roomguide.kr/wp-json/oembed/1.0/embedb1bc.json]
[roomguide.kr/wp-json/oembed/1.0/embed84f0]
[roomguide.kr/wp-json/wp/v2/gninfo/5503.json]
[roomguide.kr/gninfo/trend/index.html]
[roomguide.kr/wp-content/uploads/건배.jpg 600w, https_/roomguide.kr/wp-content/uploads/건배-300x200.html]
[roomguide.kr/wp-json/oembed/1.0/embeda60f.json]
[roomguide.kr/wp-json/oembed/1.0/embedc3d4]
[roomguide.kr/wp-json/wp/v2/gninfo/5509.json]
[roomguide.kr/gninfo/bts/index.html]
[roomguide.kr/wp-content/uploads/gn-1920-bg-2-1024x538.jpg 1024w, https_/roomguide.kr/wp-content/uploads/gn-1920-bg-2-300x158.jpg 300w, https_/roomguide.kr/wp-content/uploads/gn-1920-bg-2-768x403/gn-1920-bg-2.3d.delaye]
[roomguide.kr/wp-json/oembed/1.0/embed6f01.json]
[roomguide.kr/wp-json/oembed/1.0/embed299d]
[roomguide.kr/wp-json/wp/v2/gninfo/5511.json]
[roomguide.kr/gninfo/115-2/index.html]
[roomguide.kr/wp-content/uploads/강남115-768x1024.jpg 768w, https_/roomguide.kr/wp-content/uploads/강남115-225x300.jpg 225w, https_/roomguide.kr/wp-content/uploads/강남115.html]
[roomguide.kr/wp-json/oembed/1.0/embedb5de.json]
[roomguide.kr/wp-json/oembed/1.0/embedaf11]
[roomguide.kr/wp-json/wp/v2/gninfo/5505.json]
[roomguide.kr/gninfo/running-rabbit-2/index.html]
[roomguide.kr/wp-content/uploads/gn-dalto.jpg 1024w, https_/roomguide.kr/wp-content/uploads/gn-dalto-300x225.jpg 300w, https_/roomguide.kr/wp-content/uploads/gn-dalto-768x576.html]
[roomguide.kr/wp-json/oembed/1.0/embede267.json]
[roomguide.kr/wp-json/oembed/1.0/embede187]
[roomguide.kr/wp-json/wp/v2/gninfo/5507.json]
[roomguide.kr/gninfo/forest/index.html]
[roomguide.kr/wp-content/uploads/gn-1920-6.jpg 960w, https_/roomguide.kr/wp-content/uploads/gn-1920-6-300x169.jpg 300w, https_/roomguide.kr/wp-content/uploads/gn-1920-6-768x433.html]
[roomguide.kr/wp-json/oembed/1.0/embed6fe5.json]
[roomguide.kr/wp-json/oembed/1.0/embed5405]
[roomguide.kr/wp-json/wp/v2/gninfo/5527.json]
[roomguide.kr/gninfo/kingsman/index.html]
[roomguide.kr/wp-content/uploads/pexels-thoda-creative-2082364-38685581-1024x102/roomguide.kr/wp-content/uploads/pexels-thoda-creative-2082364-38685581-300x300/roomguide.kr/wp-content/uploads/pe/pexels-thoda-creative-2]
[roomguide.kr/wp-json/oembed/1.0/embed50c5.json]
[roomguide.kr/wp-json/oembed/1.0/embed8636]
[roomguide.kr/wp-json/wp/v2/gninfo/5528.json]
[roomguide.kr/gninfo/theglory/index.html]
[roomguide.kr/wp-content/uploads/강남-하이퍼블릭-이미지-74-1024x576.jpg 1024w, https_/roomguide.kr/wp-content/uploads/강남-하이퍼블릭-이미지-74-300x169.jpg 300w, https_/roomguide.kr/wp-content/uploads/강남-하이퍼블릭-이미지-7/강남-하이퍼블릭-이미지-74.4a.dela]
[roomguide.kr/wp-json/oembed/1.0/embed2115.json]
[roomguide.kr/wp-json/oembed/1.0/embed7792]
[roomguide.kr/wp-json/wp/v2/gninfo/5529.json]
[roomguide.kr/gninfo/mullygun/index.html]
[roomguide.kr/wp-content/uploads/gn-1920-3.jpg 960w, https_/roomguide.kr/wp-content/uploads/gn-1920-3-300x169.jpg 300w, https_/roomguide.kr/wp-content/uploads/gn-1920-3-768x433.html]
[roomguide.kr/wp-json/oembed/1.0/embed496d.json]
[roomguide.kr/wp-json/oembed/1.0/embedbbab]
[roomguide.kr/wp-json/wp/v2/gninfo/5530.json]
[roomguide.kr/gninfo/alphabet/index.html]
[roomguide.kr/wp-content/uploads/강남-하이퍼블릭-이미지-36-1024x577.jpg 1024w, https_/roomguide.kr/wp-content/uploads/강남-하이퍼블릭-이미지-36-300x169.jpg 300w, https_/roomguide.kr/wp-content/uploads/강남-하이퍼블릭-이미지-3/강남-하이퍼블릭-이미지-36.4f.dela]
[roomguide.kr/wp-json/oembed/1.0/embed2580.json]
[roomguide.kr/wp-json/oembed/1.0/embeda2c1]
[roomguide.kr/wp-json/wp/v2/gninfo/5531.json]
[roomguide.kr/gninfo/someday/index.html]
[roomguide.kr/wp-json/oembed/1.0/embed1457.json]
[roomguide.kr/wp-json/oembed/1.0/embedd934]
[roomguide.kr/wp-json/wp/v2/gninfo/5532.json]
[roomguide.kr/gninfo/blending/index.html]
[roomguide.kr/wp-content/uploads/강남-하이퍼블릭-이미지-37-1024x769.jpg 1024w, https_/roomguide.kr/wp-content/uploads/강남-하이퍼블릭-이미지-37-300x225.jpg 300w, https_/roomguide.kr/wp-content/uploads/강남-하이퍼블릭-이미지-3/강남-하이퍼블릭-이미지-37.51.dela]
[roomguide.kr/wp-json/oembed/1.0/embed4dd0.json]
[roomguide.kr/wp-json/oembed/1.0/embedf38b]
[roomguide.kr/wp-json/wp/v2/gninfo/5525.json]
[roomguide.kr/gninfo/unique/index.html]
[roomguide.kr/wp-content/uploads/하이쩜오-31.jpg 600w, https_/roomguide.kr/wp-content/uploads/하이쩜오-31-300x300.jpg 300w, https_/roomguide.kr/wp-content/uploads/하이쩜오-31-150x150.html]
[roomguide.kr/wp-json/oembed/1.0/embed9aad.json]
[roomguide.kr/wp-json/oembed/1.0/embed043d]
[roomguide.kr/wp-json/wp/v2/gninfo/5526.json]
[roomguide.kr/gninfo/stay/index.html]
[roomguide.kr/wp-content/uploads/pexels-freestockpro-3036525-1024x683.jpg 1024w,/roomguide.kr/wp-content/uploads/pexels-freestockpro-3036525-300x200.jpg 300w, h/roomguide.kr/wp-content/uploads/pe/pexels-freestockpro-303]
[roomguide.kr/wp-json/oembed/1.0/embedae0e.json]
[roomguide.kr/wp-json/oembed/1.0/embed6417]
[roomguide.kr/wp-json/wp/v2/gninfo/5513.json]
[roomguide.kr/gninfo/f1/index.html]
[roomguide.kr/wp-content/uploads/glass-8487405_1280-1024x1024.jpg 1024w, https_/roomguide.kr/wp-content/uploads/glass-8487405_1280-300x300.jpg 300w, https_/roomguide.kr/wp-content/uploads/glass-8/glass-8487405_1280.58.d]
[roomguide.kr/wp-json/oembed/1.0/embed687e.json]
[roomguide.kr/wp-json/oembed/1.0/embed9fd6]
[roomguide.kr/wp-json/wp/v2/gninfo/5515.json]
[roomguide.kr/gninfo/impact/index.html]
[roomguide.kr/wp-content/uploads/하이쩜오-14.jpg 544w, https_/roomguide.kr/wp-content/uploads/하이쩜오-14-251x300.html]
[roomguide.kr/wp-json/oembed/1.0/embed9ddd.json]
[roomguide.kr/wp-json/oembed/1.0/embed12d3]
[roomguide.kr/wp-json/wp/v2/gninfo/5516.json]
[roomguide.kr/gninfo/rising/index.html]
[roomguide.kr/wp-content/uploads/강남-하이퍼블릭-이미지-40-1024x1024.jpg 1024w, https_/roomguide.kr/wp-content/uploads/강남-하이퍼블릭-이미지-40-300x300.jpg 300w, https_/roomguide.kr/wp-content/uploads/강남-하이퍼블릭-이미지-/강남-하이퍼블릭-이미지-40.5d.dela]
[roomguide.kr/wp-json/oembed/1.0/embed3b56.json]
[roomguide.kr/wp-json/oembed/1.0/embede48c]
[roomguide.kr/wp-json/wp/v2/gninfo/5518.json]
[roomguide.kr/gninfo/intro/index.html]
[roomguide.kr/wp-json/wp/v2/categories/27.json]
[roomguide.kr/wp-content/uploads/whisky-972x1024.jpg]
[roomguide.kr/wp-content/uploads/gn-1920-1-1024x577.jpg]
[roomguide.kr/category/hipublic/index.html]
[roomguide.kr/category/hipublic/feed/index.html]
[roomguide.kr/wp-content/uploads/pexels-isabella-mendes-107313-332688-1024x678.j/roomguide.kr/wp-content/uploads/pexels-isabella-mendes-107313-332688-300x199.jp/roomguide.kr/wp-content/uploads/pe/pexels-isabella-mendes-]
[roomguide.kr/wp-json/oembed/1.0/embed807d.json]
[roomguide.kr/wp-json/oembed/1.0/embed9161]
[roomguide.kr/wp-json/wp/v2/gninfo/6188.json]
[roomguide.kr/gninfo/race/index.html]
[roomguide.kr/wp-json/wp/v2/categories/30.json]
[roomguide.kr/category/club/index.html]
[roomguide.kr/wp-content/uploads/pexels-wolfgang-1002140-2747446-1024x684.jpg 10/roomguide.kr/wp-content/uploads/pexels-wolfgang-1002140-2747446-300x200.jpg 300/roomguide.kr/wp-content/uploads/pe/pexels-wolfgang-1002140]
[roomguide.kr/wp-json/oembed/1.0/embede4ec.json]
[roomguide.kr/category/club/feed/index.html]
[roomguide.kr/wp-json/oembed/1.0/embed350f]
[roomguide.kr/wp-json/wp/v2/gninfo/6186.json]
[roomguide.kr/gninfo/sound/index.html]
[roomguide.kr/wp-json/oembed/1.0/embed71be.json]
[roomguide.kr/wp-json/oembed/1.0/embedccd4]
[roomguide.kr/wp-json/wp/v2/gninfo/5535.json]
[roomguide.kr/gninfo/cnn-2/index.html]
[roomguide.kr/wp-json/wp/v2/categories/26.json]
[roomguide.kr/wp-content/uploads/gn-1920-5-1024x1024.jpg]
[roomguide.kr/wp-content/uploads/강남-하이퍼블릭-이미지-33-1024x1024.jpg]
[roomguide.kr/category/shirtroom/index.html]
[roomguide.kr/category/shirtroom/feed/index.html]
[roomguide.kr/wp-json/wp/v2/categories/29.json]
[roomguide.kr/wp-content/uploads/fullsalon-1024x1007.jpg]
[roomguide.kr/wp-content/uploads/강남-하이퍼블릭-이미지-49-1024x538.jpg]
[roomguide.kr/category/dot5/index.html]
[roomguide.kr/category/dot5/feed/index.html]
[roomguide.kr/wp-content/uploads/ai-generated-8704008_1920-1024x574.jpg 1024w, h/roomguide.kr/wp-content/uploads/ai-generated-8704008_1920-300x168.jpg 300w, htt/roomguide.kr/wp-content/uploads/ai/ai-generated-8704008_19]
[roomguide.kr/wp-json/oembed/1.0/embedb471.json]
[roomguide.kr/wp-json/oembed/1.0/embed46aa]
[roomguide.kr/wp-json/wp/v2/gninfo/5533.json]
[roomguide.kr/gninfo/again/index.html]
[roomguide.kr/wp-json/wp/v2/categories/31.json]
[roomguide.kr/category/hostbar/index.html]
[roomguide.kr/wp-content/uploads/ai-generated-8225267_1280-1024x1024.jpg 1024w,/roomguide.kr/wp-content/uploads/ai-generated-8225267_1280-300x300.jpg 300w, htt/roomguide.kr/wp-content/uploads/ai/ai-generated-8225267_12]
[roomguide.kr/wp-json/oembed/1.0/embed6249.json]
[roomguide.kr/category/hostbar/feed/index.html]
[roomguide.kr/wp-json/oembed/1.0/embed0fbd]
[roomguide.kr/wp-json/wp/v2/gninfo/5534.json]
[roomguide.kr/gninfo/flurting/index.html]
[roomguide.kr/wp-content/uploads/highkick.jpg 986w, https_/roomguide.kr/wp-content/uploads/highkick-300x198.jpg 300w, https_/roomguide.kr/wp-content/uploads/highkick-768x506.html]
[roomguide.kr/wp-json/oembed/1.0/embedca8a.json]
[roomguide.kr/wp-json/oembed/1.0/embedc7f4]
[roomguide.kr/wp-json/wp/v2/gninfo/5512.json]
[roomguide.kr/gninfo/highkick/index.html]
[roomguide.kr/wp-json/wp/v2/categories/28.json]
[roomguide.kr/category/leggings/index.html]
[roomguide.kr/wp-content/uploads/gn-1920-7-1024x769.jpg 1024w, https_/roomguide.kr/wp-content/uploads/gn-1920-7-300x225.jpg 300w, https_/roomguide.kr/wp-content/uploads/gn-1920-7-768x577.jpg 768w, ht/gn-1920-7.6a.delaye]
[roomguide.kr/wp-json/oembed/1.0/embed9f1e.json]
[roomguide.kr/category/leggings/feed/index.html]
[roomguide.kr/wp-json/oembed/1.0/embedfe8a]
[roomguide.kr/wp-includes/blocks/heading/style.mine37e.css]
[roomguide.kr/wp-json/wp/v2/gninfo/5520.json]
[roomguide.kr/gninfo/miracle/index.html]
[roomguide.kr/wp-content/uploads/drink-7933279_1280-1024x682.jpg 1024w, https_/roomguide.kr/wp-content/uploads/drink-7933279_1280-300x200.jpg 300w, https_/roomguide.kr/wp-content/uploads/drink-79/drink-7933279_1280.6c.d]
[roomguide.kr/wp-json/oembed/1.0/embed2c93.json]
[roomguide.kr/wp-json/oembed/1.0/embedfc3b]
[roomguide.kr/wp-json/wp/v2/gninfo/5523.json]
[roomguide.kr/gninfo/a1/index.html]
[roomguide.kr/gn/index.html]
[roomguide.kr/gn/club/index.html]
[roomguide.kr/wp-admin/index.html]
[roomguide.kr/wp-content/themes/bricks/assets/svg/audio/control-play.svg]
[roomguide.kr/wp-content/themes/bricks/assets/svg/audio/control-pause.svg]
[roomguide.kr/wp-content/themes/bricks/assets/svg/audio/control-volume-max.svg]
[roomguide.kr/wp-content/themes/bricks/assets/svg/audio/control-mute.svg]
[roomguide.kr/wp-content/themes/bricks/assets/fonts/ionicons/ionicons.html]
[roomguide.kr/wp-content/themes/bricks/assets/fonts/themify/themifyd41d.woff]
[roomguide.kr/wp-login1687.html]
[roomguide.kr/wp-content/themes/bricks/assets/fonts/themify/themifyd41d.ttf]
[roomguide.kr/wp-content/themes/bricks/assets/css/libs/themify-icons-layer.min70be.css]
[roomguide.kr/wp-json/oembed/1.0/embed4ad4.json]
[roomguide.kr/wp-json/oembed/1.0/embedf54d]
[roomguide.kr/wp-json/wp/v2/pages/5902.json]
[roomguide.kr/강남/index.html]
[roomguide.kr/wp-json/oembed/1.0/embed77c6.json]
[roomguide.kr/wp-json/oembed/1.0/embed01f8]
[roomguide.kr/wp-json/wp/v2/gninfo/5500.json]
[roomguide.kr/gninfo/alive/index.html]
[roomguide.kr/wp-content/uploads/강남-하이퍼블릭-이미지-77.jpg 1920w, https_/roomguide.kr/wp-content/uploads/강남-하이퍼블릭-이미지-77-300x200.jpg 300w, https_/roomguide.kr/wp-content/uploads/강남-하이퍼블릭-이미지-77-1024x68/강남-하이퍼블릭-이미지-77-1536x10]
[roomguide.kr/wp-json/oembed/1.0/embedf5da.json]
[roomguide.kr/wp-json/oembed/1.0/embedee8e]
[roomguide.kr/wp-json/wp/v2/gninfo/5497.json]
[roomguide.kr/gninfo/youandme/index.html]
[roomguide.kr/wp-json/oembed/1.0/embedf50c.json]
[roomguide.kr/wp-json/oembed/1.0/embed88c7]
[roomguide.kr/wp-json/wp/v2/gninfo/5494.json]
[roomguide.kr/gninfo/dalto/index.html]
[roomguide.kr/wp-content/uploads/pexels-ywanphoto-3089663-scaled.jpg 2560w, http/roomguide.kr/wp-content/uploads/pexels-ywanphoto-3089663-300x200.jpg 300w, http/roomguide.kr/wp-content/uploads/pe/pexels-ywanphoto-308966]
[roomguide.kr/wp-content/uploads/whisky.jpg 1280w, https_/roomguide.kr/wp-content/uploads/whisky-285x300.jpg 285w, https_/roomguide.kr/wp-content/uploads/whisky-972x1024.jpg 972w, https_/roomguid/whisky-768x809.8a.delay]
[roomguide.kr/wp-json/oembed/1.0/embed2424.json]
[roomguide.kr/wp-json/oembed/1.0/embedea22]
[roomguide.kr/wp-json/wp/v2/gninfo/5502.json]
[roomguide.kr/gninfo/relay/index.html]
[roomguide.kr/wp-content/uploads/gn-1920-bg-2.jpg 1920w, https_/roomguide.kr/wp-content/uploads/gn-1920-bg-2-300x158.jpg 300w, https_/roomguide.kr/wp-content/uploads/gn-1920-bg-2-1024x538.jpg 102/gn-1920-bg-2-1536x806.8]
[roomguide.kr/wp-content/uploads/gn-1920-10.jpg 960w, https_/roomguide.kr/wp-content/uploads/gn-1920-10-300x225.jpg 300w, https_/roomguide.kr/wp-content/uploads/gn-1920-10-768x577.html]
[roomguide.kr/wp-json/oembed/1.0/embed0e7b.json]
[roomguide.kr/wp-json/oembed/1.0/embed3194]
[roomguide.kr/wp-json/wp/v2/gninfo/5501.json]
[roomguide.kr/gninfo/mk/index.html]
[roomguide.kr/wp-content/uploads/gn-1920-1.jpg 1920w, https_/roomguide.kr/wp-content/uploads/gn-1920-1-300x169.jpg 300w, https_/roomguide.kr/wp-content/uploads/gn-1920-1-1024x577.jpg 1024w, https/gn-1920-1-1536x866.91.d]
[roomguide.kr/wp-json/oembed/1.0/embed0afd.json]
[roomguide.kr/wp-json/oembed/1.0/embed105a]
[roomguide.kr/wp-json/wp/v2/gninfo/5504.json]
[roomguide.kr/gninfo/party/index.html]
[roomguide.kr/wp-content/uploads/gn-1920-11.jpg 1920w, https_/roomguide.kr/wp-content/uploads/gn-1920-11-300x225.jpg 300w, https_/roomguide.kr/wp-content/uploads/gn-1920-11-1024x769.jpg 1024w, ht/gn-1920-11-1536x1154.93]
[roomguide.kr/wp-json/oembed/1.0/embed971f.json]
[roomguide.kr/wp-json/oembed/1.0/embed5acb]
[roomguide.kr/wp-json/wp/v2/gninfo/5506.json]
[roomguide.kr/wp-content/uploads/gn-1920-11-1024x769.jpg]
[roomguide.kr/gninfo/maker/index.html]
[roomguide.kr/wp-content/uploads/gn-1920-bg-3-1024x576.jpg 1024w, https_/roomguide.kr/wp-content/uploads/gn-1920-bg-3-300x169.jpg 300w, https_/roomguide.kr/wp-content/uploads/gn-1920-bg-3-768x432/gn-1920-bg-3.95.delaye]
[roomguide.kr/wp-json/oembed/1.0/embedf170.json]
[roomguide.kr/wp-json/oembed/1.0/embed7aef]
[roomguide.kr/wp-json/wp/v2/gninfo/5536.json]
[roomguide.kr/gninfo/running-rabbit/index.html]
[roomguide.kr/wp-content/uploads/gn-1920-14.jpg 721w, https_/roomguide.kr/wp-content/uploads/gn-1920-14-225x300.html]
[roomguide.kr/wp-json/oembed/1.0/embed50da.json]
[roomguide.kr/wp-json/oembed/1.0/embed8e4a]
[roomguide.kr/wp-json/wp/v2/gninfo/5495.json]
[roomguide.kr/gninfo/hollywood/index.html]
[roomguide.kr/wp-content/uploads/gn-1920-5.jpg 1920w, https_/roomguide.kr/wp-content/uploads/gn-1920-5-300x300.jpg 300w, https_/roomguide.kr/wp-content/uploads/gn-1920-5-1024x1024.jpg 1024w, http/gn-1920-5-1536x1536.9d]
[roomguide.kr/wp-json/oembed/1.0/embed8840.json]
[roomguide.kr/wp-json/oembed/1.0/embed0528]
[roomguide.kr/wp-json/wp/v2/gninfo/5496.json]
[roomguide.kr/gninfo/play/index.html]
[roomguide.kr/wp-content/uploads/강남-하이퍼블릭-이미지-33.jpg 1280w, https_/roomguide.kr/wp-content/uploads/강남-하이퍼블릭-이미지-33-300x300.jpg 300w, https_/roomguide.kr/wp-content/uploads/강남-하이퍼블릭-이미지-33-1024x10/강남-하이퍼블릭-이미지-33-768x768]
[roomguide.kr/wp-json/oembed/1.0/embed1c18.json]
[roomguide.kr/wp-json/oembed/1.0/embed6958]
[roomguide.kr/wp-json/wp/v2/gninfo/5498.json]
[roomguide.kr/gninfo/dc/index.html]
[roomguide.kr/wp-content/uploads/강남-하이퍼블릭-이미지-77-1024x683.jpg 1024w, https_/roomguide.kr/wp-content/uploads/강남-하이퍼블릭-이미지-77-300x200.jpg 300w, https_/roomguide.kr/wp-content/uploads/강남-하이퍼블릭-이미지-7/강남-하이퍼블릭-이미지-77.a1.dela]
[roomguide.kr/wp-content/uploads/pexels-rodolfoclix-1615799-1024x683.jpg 1024w,/roomguide.kr/wp-content/uploads/pexels-rodolfoclix-1615799-300x200.jpg 300w, ht/roomguide.kr/wp-content/uploads/pe/pexels-rodolfoclix-1615]
[roomguide.kr/wp-content/uploads/pexels-thoda-creative-2082364-38685581.jpg 1280/roomguide.kr/wp-content/uploads/pexels-thoda-creative-2082364-38685581-300x300/roomguide.kr/wp-content/uploads/pe/pexels-thoda-creative-2]
[roomguide.kr/wp-content/uploads/강남-하이퍼블릭-이미지-74.jpg 1280w, https_/roomguide.kr/wp-content/uploads/강남-하이퍼블릭-이미지-74-300x169.jpg 300w, https_/roomguide.kr/wp-content/uploads/강남-하이퍼블릭-이미지-74-1024x57/강남-하이퍼블릭-이미지-74-768x432]
[roomguide.kr/wp-content/uploads/강남-하이퍼블릭-이미지-36.jpg 1280w, https_/roomguide.kr/wp-content/uploads/강남-하이퍼블릭-이미지-36-300x169.jpg 300w, https_/roomguide.kr/wp-content/uploads/강남-하이퍼블릭-이미지-36-1024x57/강남-하이퍼블릭-이미지-36-768x433]
[roomguide.kr/wp-content/uploads/강남-하이퍼블릭-이미지-37.jpg 1280w, https_/roomguide.kr/wp-content/uploads/강남-하이퍼블릭-이미지-37-300x225.jpg 300w, https_/roomguide.kr/wp-content/uploads/강남-하이퍼블릭-이미지-37-1024x76/강남-하이퍼블릭-이미지-37-768x577]
[roomguide.kr/wp-content/uploads/glass-8487405_1280.jpg 1280w, https_/roomguide.kr/wp-content/uploads/glass-8487405_1280-300x300.jpg 300w, https_/roomguide.kr/wp-content/uploads/glass-8487405_128/glass-8487405_1280-768x]
[roomguide.kr/wp-content/uploads/fullsalon.jpg 1186w, https_/roomguide.kr/wp-content/uploads/fullsalon-300x295.jpg 300w, https_/roomguide.kr/wp-content/uploads/fullsalon-1024x1007.jpg 1024w, http/fullsalon-768x755.b6.de]
[roomguide.kr/wp-json/oembed/1.0/embed08be.json]
[roomguide.kr/wp-json/oembed/1.0/embed6fc1]
[roomguide.kr/wp-json/wp/v2/gninfo/5514.json]
[roomguide.kr/gninfo/postbox/index.html]
[roomguide.kr/wp-content/uploads/gn-1920-13.jpg 960w, https_/roomguide.kr/wp-content/uploads/gn-1920-13-300x225.jpg 300w, https_/roomguide.kr/wp-content/uploads/gn-1920-13-768x577.html]
[roomguide.kr/wp-json/oembed/1.0/embed165a.json]
[roomguide.kr/wp-json/oembed/1.0/embed32ea]
[roomguide.kr/wp-json/wp/v2/gninfo/5517.json]
[roomguide.kr/gninfo/moneyball/index.html]
[roomguide.kr/wp-content/uploads/gn-1920-4.jpg 1920w, https_/roomguide.kr/wp-content/uploads/gn-1920-4-300x225.jpg 300w, https_/roomguide.kr/wp-content/uploads/gn-1920-4-1024x769.jpg 1024w, https/gn-1920-4-1536x1154.bb]
[roomguide.kr/wp-content/uploads/강남-하이퍼블릭-이미지-49.jpg 1280w, https_/roomguide.kr/wp-content/uploads/강남-하이퍼블릭-이미지-49-300x158.jpg 300w, https_/roomguide.kr/wp-content/uploads/강남-하이퍼블릭-이미지-49-1024x53/강남-하이퍼블릭-이미지-49-768x403]
[roomguide.kr/wp-json/oembed/1.0/embedd78a.json]
[roomguide.kr/wp-json/oembed/1.0/embedec55]
[roomguide.kr/wp-json/wp/v2/gninfo/5519.json]
[roomguide.kr/gninfo/okidoki/index.html]
[roomguide.kr/wp-content/uploads/gn-1920-7.jpg 1920w, https_/roomguide.kr/wp-content/uploads/gn-1920-7-300x225.jpg 300w, https_/roomguide.kr/wp-content/uploads/gn-1920-7-1024x769.jpg 1024w, https/gn-1920-7-1536x1154.bf]
[roomguide.kr/wp-content/uploads/pexels-cottonbro-4695783.jpg 1920w, https_/roomguide.kr/wp-content/uploads/pexels-cottonbro-4695783-300x200.jpg 300w, http/roomguide.kr/wp-content/uploads/pexels-/pexels-cottonbro-469578]
[roomguide.kr/wp-json/oembed/1.0/embed2ab0.json]
[roomguide.kr/wp-json/oembed/1.0/embed712c]
[roomguide.kr/wp-json/wp/v2/gninfo/5521.json]
[roomguide.kr/wp-content/uploads/pexels-cottonbro-4695783-1024x683.jpg]
[roomguide.kr/gninfo/gugudan/index.html]
[roomguide.kr/wp-content/uploads/ai-generated-8630058_1920.jpg 1920w, https_/roomguide.kr/wp-content/uploads/ai-generated-8630058_1920-300x200.jpg 300w, htt/roomguide.kr/wp-content/uploads/ai-gen/ai-generated-8630058_19]
[roomguide.kr/wp-json/oembed/1.0/embedd7c3.json]
[roomguide.kr/wp-json/oembed/1.0/embed1126]
[roomguide.kr/wp-json/wp/v2/gninfo/5522.json]
[roomguide.kr/wp-content/uploads/ai-generated-8630058_1920-1024x683.jpg]
[roomguide.kr/gninfo/kk/index.html]
[roomguide.kr/wp-content/uploads/drink-7933279_1280.jpg 1280w, https_/roomguide.kr/wp-content/uploads/drink-7933279_1280-300x200.jpg 300w, https_/roomguide.kr/wp-content/uploads/drink-7933279_128/drink-7933279_1280-768x]
[roomguide.kr/wp-json/oembed/1.0/embedea15.json]
[roomguide.kr/wp-json/oembed/1.0/embed92db]
[roomguide.kr/wp-json/wp/v2/gninfo/5524.json]
[roomguide.kr/wp-content/uploads/gn831-768x1024.jpg]
[roomguide.kr/gninfo/831-2/index.html]
[roomguide.kr/wp-content/uploads/pexels-freestockpro-3036525.jpg 1920w, https_/roomguide.kr/wp-content/uploads/pexels-freestockpro-3036525-300x200.jpg 300w, h/roomguide.kr/wp-content/uploads/pexe/pexels-freestockpro-303]
[roomguide.kr/wp-content/uploads/강남-하이퍼블릭-이미지-86-1024x683.jpg 1024w, https_/roomguide.kr/wp-content/uploads/강남-하이퍼블릭-이미지-86-300x200.jpg 300w, https_/roomguide.kr/wp-content/uploads/강남-하이퍼블릭-이미지-8/강남-하이퍼블릭-이미지-86.c9.dela]
[roomguide.kr/wp-content/uploads/ai-generated-8540917_1920.jpg 1920w, https_/roomguide.kr/wp-content/uploads/ai-generated-8540917_1920-300x168.jpg 300w, htt/roomguide.kr/wp-content/uploads/ai-gen/ai-generated-8540917_19]
[roomguide.kr/wp-json/oembed/1.0/embed552b.json]
[roomguide.kr/wp-json/oembed/1.0/embed2652]
[roomguide.kr/wp-json/wp/v2/gninfo/5339.json]
[roomguide.kr/wp-content/uploads/ai-generated-8540917_1920-1024x574.jpg]
[roomguide.kr/gninfo/perfect/index.html]
[roomguide.kr/wp-content/uploads/강남-하이퍼블릭-이미지-31.jpg 1280w, https_/roomguide.kr/wp-content/uploads/강남-하이퍼블릭-이미지-31-300x169.jpg 300w, https_/roomguide.kr/wp-content/uploads/강남-하이퍼블릭-이미지-31-1024x57/강남-하이퍼블릭-이미지-31-768x433]
[roomguide.kr/wp-json/oembed/1.0/embeda3ce.json]
[roomguide.kr/category/karaoke/index.html]
[roomguide.kr/wp-json/oembed/1.0/embedb586]
[roomguide.kr/wp-json/wp/v2/gninfo/5493.json]
[roomguide.kr/wp-content/uploads/강남-하이퍼블릭-이미지-31-1024x577.jpg]
[roomguide.kr/gninfo/party1/index.html]
[roomguide.kr/wp-content/uploads/ai-generated-8925299_1920.jpg 1920w, https_/roomguide.kr/wp-content/uploads/ai-generated-8925299_1920-300x168.jpg 300w, htt/roomguide.kr/wp-content/uploads/ai-gen/ai-generated-8925299_19]
[roomguide.kr/wp-json/oembed/1.0/embed1954.json]
[roomguide.kr/wp-json/oembed/1.0/embedf3c3]
[roomguide.kr/wp-json/wp/v2/gninfo/5481.json]
[roomguide.kr/wp-content/uploads/ai-generated-8925299_1920-1024x574.jpg]
[roomguide.kr/gninfo/letsgo/index.html]
[roomguide.kr/wp-content/uploads/pexels-reneterp-1327430-1024x683.jpg 1024w, htt/roomguide.kr/wp-content/uploads/pexels-reneterp-1327430-300x200.jpg 300w, https/roomguide.kr/wp-content/uploads/pe/pexels-reneterp-1327430]
[roomguide.kr/wp-content/uploads/ai-generated-8704008_1920.jpg 1920w, https_/roomguide.kr/wp-content/uploads/ai-generated-8704008_1920-300x168.jpg 300w, htt/roomguide.kr/wp-content/uploads/ai-gen/ai-generated-8704008_19]
[roomguide.kr/wp-content/uploads/ai-generated-8225267_1280.jpg 1280w, https_/roomguide.kr/wp-content/uploads/ai-generated-8225267_1280-300x300.jpg 300w, htt/roomguide.kr/wp-content/uploads/ai-gen/ai-generated-8225267_12]
[roomguide.kr/wp-content/uploads/ai-generated-8463482_640.jpg 427w, https_/roomguide.kr/wp-content/uploads/ai-generated-8463482_640-200x300.html]
[roomguide.kr/wp-json/oembed/1.0/embedeada.json]
[roomguide.kr/wp-json/oembed/1.0/embed2198]
[roomguide.kr/wp-json/wp/v2/gninfo/5499.json]
[roomguide.kr/gninfo/cnn/index.html]
[roomguide.kr/wp-content/uploads/pexels-timmossholder-383603-1024x576.jpg 1024w,/roomguide.kr/wp-content/uploads/pexels-timmossholder-383603-300x169.jpg 300w, h/roomguide.kr/wp-content/uploads/pe/pexels-timmossholder-38]
[roomguide.kr/wp-content/uploads/pexels-isabella-mendes-107313-332688.jpg 1920w,/roomguide.kr/wp-content/uploads/pexels-isabella-mendes-107313-332688-300x199.jp/roomguide.kr/wp-content/uploads/pe/pexels-isabella-mendes-]
[roomguide.kr/wp-content/uploads/pexels-wolfgang-1002140-2747446.jpg 1920w, http/roomguide.kr/wp-content/uploads/pexels-wolfgang-1002140-2747446-300x200.jpg 300/roomguide.kr/wp-content/uploads/pe/pexels-wolfgang-1002140]
[roomguide.kr/wp-content/uploads/pexels-mediocrememories-2240763-1024x683.jpg 10/roomguide.kr/wp-content/uploads/pexels-mediocrememories-2240763-300x200.jpg 300/roomguide.kr/wp-content/uploads/pe/pexels-mediocrememories]
[roomguide.kr/wp-content/uploads/whisky-972x1024.jpg 972w, https_/roomguide.kr/wp-content/uploads/whisky-285x300.jpg 285w, https_/roomguide.kr/wp-content/uploads/whisky-768x809.jpg 768w, https_/roomgui/whisky.12a.delaye]
[roomguide.kr/wp-content/uploads/gn-1920-1-1024x577.jpg 1024w, https_/roomguide.kr/wp-content/uploads/gn-1920-1-300x169.jpg 300w, https_/roomguide.kr/wp-content/uploads/gn-1920-1-768x433.jpg 768w, h/gn-1920-1.12c.delaye]
[roomguide.kr/wp-content/uploads/gn-1920-5-1024x1024.jpg 1024w, https_/roomguide.kr/wp-content/uploads/gn-1920-5-300x300.jpg 300w, https_/roomguide.kr/wp-content/uploads/gn-1920-5-150x150.jpg 150w,/gn-1920-5.139.delaye]
[roomguide.kr/wp-content/uploads/강남-하이퍼블릭-이미지-33-1024x1024.jpg 1024w, https_/roomguide.kr/wp-content/uploads/강남-하이퍼블릭-이미지-33-300x300.jpg 300w, https_/roomguide.kr/wp-content/uploads/강남-하이퍼블릭-이미지-/강남-하이퍼블릭-이미지-33.13b.del]
[roomguide.kr/wp-content/uploads/fullsalon-1024x1007.jpg 1024w, https_/roomguide.kr/wp-content/uploads/fullsalon-300x295.jpg 300w, https_/roomguide.kr/wp-content/uploads/fullsalon-768x755.jpg 768w,/fullsalon.13e.delaye]
[roomguide.kr/wp-content/uploads/강남-하이퍼블릭-이미지-49-1024x538.jpg 1024w, https_/roomguide.kr/wp-content/uploads/강남-하이퍼블릭-이미지-49-300x158.jpg 300w, https_/roomguide.kr/wp-content/uploads/강남-하이퍼블릭-이미지-4/강남-하이퍼블릭-이미지-49.140.del]
[roomguide.kr/wp-includes/blocks/heading/style.mine37e.css]
[roomguide.kr/wp-includes/blocks/paragraph/style.mine37e.css]
[roomguide.kr/wp-includes/css/buttons.mine37e.css]
[roomguide.kr/wp-admin/css/forms.minb34e.css]
[roomguide.kr/wp-admin/css/l10n.minb34e.css]
[roomguide.kr/wp-admin/css/login.minb34e.css]
[roomguide.kr/wp-content/plugins/really-simple-ssl/assets/two-fa/rtl/two-fa-assets.min4615.css]
[roomguide.kr/wp-content/plugins/login-lockdown/libs/captcha07e4.gif]
[roomguide.kr/wp-admin/&reauth=1]
[roomguide.kr/wp-loginc2b6.html]
[roomguide.kr/wp-includes/js/clipboard.min3c89.js]
[roomguide.kr/wp-includes/js/jquery/jquery.minf43b.js]
[roomguide.kr/wp-includes/js/zxcvbn-async.min5152.js]
[roomguide.kr/wp-includes/js/dist/hooks.minaf5f.js]
[roomguide.kr/wp-includes/js/dist/i18n.min1cde.js]
[roomguide.kr/wp-admin/js/password-strength-meter.minb34e.js]
[roomguide.kr/wp-includes/js/underscore.min3ab8.js]
[roomguide.kr/wp-includes/js/wp-util.mine37e.js]
[roomguide.kr/wp-includes/js/dist/dom-ready.min5346.js]
[roomguide.kr/wp-includes/js/dist/a11y.min1b1c.js]
[roomguide.kr/wp-login1687.html]
[roomguide.kr/wp-admin/js/user-profile.minb34e.js]
[roomguide.kr/wp-json/wp/v2/categories/25.json]
[roomguide.kr/category/karaoke/index.html]
[roomguide.kr/category/karaoke/feed/index.html]
[roomguide.kr/wp-includes/css/buttons.mine37e.css]
[roomguide.kr/wp-admin/css/forms.minb34e.css]
[roomguide.kr/wp-admin/css/l10n.minb34e.css]
[roomguide.kr/wp-admin/images/w-logo-blue7a53.png]
[roomguide.kr/wp-admin/css/login.minb34e.css]
[roomguide.kr/wp-content/plugins/really-simple-ssl/assets/two-fa/rtl/two-fa-assets.min4615.css]
[roomguide.kr/wp-admin/&reauth=1.html]
[roomguide.kr/wp-loginc2b6.html]
[roomguide.kr/wp-content/uploads/ai-generated-8540917_1920-1024x574.jpg 1024w, h/roomguide.kr/wp-content/uploads/ai-generated-8540917_1920-300x168.jpg 300w, htt/roomguide.kr/wp-content/uploads/ai/ai-generated-8540917_19]
[roomguide.kr/wp-content/uploads/강남-하이퍼블릭-이미지-31-1024x577.jpg 1024w, https_/roomguide.kr/wp-content/uploads/강남-하이퍼블릭-이미지-31-300x169.jpg 300w, https_/roomguide.kr/wp-content/uploads/강남-하이퍼블릭-이미지-3/강남-하이퍼블릭-이미지-31.1b5.del]
[roomguide.kr/wp-content/uploads/ai-generated-8925299_1920-1024x574.jpg 1024w, h/roomguide.kr/wp-content/uploads/ai-generated-8925299_1920-300x168.jpg 300w, htt/roomguide.kr/wp-content/uploads/ai/ai-generated-8925299_19]
[roomguide.kr/wp-admin/images/wordpress-logo7d6b.svg]
[roomguide.kr/wp-login.html]
[roomguide.kr/wp-content/plugins/login-lockdown/libs/captcha2744.gif]
[roomguide.kr/wp-login.html]
